- hay que instalar Python y Django. Luego se crea la carpeta
PS C:\Users\ESTUDIANTE\Desktop\Implementar Arquitectura> django-admin startproject proyecto1
- alternativa:
PS C:\Users\ESTUDIANTE\Desktop\Implementar Arquitectura> python -m django startproject proyecto1 

- migra los datos existentes del proyecto para que el sistema ruede más rápido. Crea una base de datos sqlite3
PS C:\Users\ESTUDIANTE\Desktop\Implementar Arquitectura\proyecto1> python manage.py migrate  

- WSGI activa el servidor local
PS C:\Users\ESTUDIANTE\Desktop\Implementar Arquitectura\proyecto1> python manage.py runserver

- Crear APP (caso de uso)
PS C:\Users\ESTUDIANTE\Desktop\Implementar Arquitectura\proyecto2> python manage.py startapp gestionPedidod

- Chequear errores en la APP
PS C:\Users\ESTUDIANTE\Desktop\Implementar Arquitectura\proyecto2> python manage.py check gestionPedidod
System check identified no issues (0 silenced).

- Migrar (crear las tablas)
PS C:\Users\ESTUDIANTE\Desktop\Implementar Arquitectura\proyecto2> python manage.py makemigrations
Migrations for 'gestionPedidod':
  gestionPedidod\migrations\0001_initial.py
    - Create model Articulos
    - Create model Clientes
    - Create model Pedidos

- Para leer SQLite:
SQLitebrowser.org (descargar)

- Crear SuperUsuario
PS C:\Users\ESTUDIANTE\Desktop\Implementar Arquitectura\proyecto2> python manage.py createsuperuser
Username (leave blank to use 'estudiante'): admin
Email address: mcoronel.bajausb@gmail.com
Password: (este campo es invisible)
Password (again): (este campo es invisible)
The password is too similar to the username.
This password is too short. It must contain at least 8 characters.
This password is too common.
Bypass password validation and create user anyway? [y/N]: y
Superuser created successfully.

- Problemas de permiso
PS C:\Users\ESTUDIANTE\Desktop\Implementar Arquitectura> Set-ExecutionPolicy -Scope Process  -ExecutionPolicy RemoteSigned

- Crear ambiente virtual
PS C:\Users\ESTUDIANTE\Desktop\Implementar Arquitectura\ProyectoWeb2pm> python -m venv .venv

- Activar el entorno virtual
PS C:\Users\ESTUDIANTE\Desktop\Implementar Arquitectura\ProyectoWeb2pm> .\.venv\Scripts\Activate

- Instalar librerías en el entorno virtual
(.venv) PS C:\Users\ESTUDIANTE\Desktop\Implementar Arquitectura\ProyectoWeb2pm> pip install pillow pymysql(o mysqlclient)

- Crear un log de las instalaciones en el entorno virtual

(.venv) PS C:\Users\ESTUDIANTE\Desktop\Implementar Arquitectura\ProyectoWeb2pm> pip freeze > requirements.txt

- Una vez que reinstales el entorno virtual, recuperas las instalaciones con:
(.venv) PS C:\Users\ESTUDIANTE\Desktop\Implementar Arquitectura\ProyectoWeb2pm> python install -r requirements.txt

